// Jest Snapshot v1, https://goo.gl/fbAQLP

exports[`end-to-end integration when no arguments passed prints error and help message 1`] = ``;
